------------------------------------------------------------
TimeQuest Timing Analyzer Summary
------------------------------------------------------------

Type  : Slow 1200mV 85C Model Setup 'UFA:ufa1|ENsum'
Slack : -1.187
TNS   : -11.541

Type  : Slow 1200mV 85C Model Setup 'UFA:ufa1|ENsub'
Slack : -1.026
TNS   : -11.041

Type  : Slow 1200mV 85C Model Setup 'EN'
Slack : -0.051
TNS   : -0.058

Type  : Slow 1200mV 85C Model Setup 'CLK'
Slack : 0.210
TNS   : 0.000

Type  : Slow 1200mV 85C Model Hold 'EN'
Slack : -0.137
TNS   : -0.572

Type  : Slow 1200mV 85C Model Hold 'CLK'
Slack : 0.445
TNS   : 0.000

Type  : Slow 1200mV 85C Model Hold 'UFA:ufa1|ENsub'
Slack : 0.622
TNS   : 0.000

Type  : Slow 1200mV 85C Model Hold 'UFA:ufa1|ENsum'
Slack : 0.626
TNS   : 0.000

Type  : Slow 1200mV 85C Model Minimum Pulse Width 'EN'
Slack : -3.000
TNS   : -13.280

Type  : Slow 1200mV 85C Model Minimum Pulse Width 'CLK'
Slack : -3.000
TNS   : -4.285

Type  : Slow 1200mV 85C Model Minimum Pulse Width 'UFA:ufa1|ENand'
Slack : 0.456
TNS   : 0.000

Type  : Slow 1200mV 85C Model Minimum Pulse Width 'UFA:ufa1|ENsub'
Slack : 0.456
TNS   : 0.000

Type  : Slow 1200mV 85C Model Minimum Pulse Width 'UFA:ufa1|ENor'
Slack : 0.465
TNS   : 0.000

Type  : Slow 1200mV 85C Model Minimum Pulse Width 'UFA:ufa1|ENsum'
Slack : 0.473
TNS   : 0.000

Type  : Slow 1200mV 0C Model Setup 'UFA:ufa1|ENsum'
Slack : -0.981
TNS   : -9.458

Type  : Slow 1200mV 0C Model Setup 'UFA:ufa1|ENsub'
Slack : -0.853
TNS   : -8.954

Type  : Slow 1200mV 0C Model Setup 'EN'
Slack : 0.041
TNS   : 0.000

Type  : Slow 1200mV 0C Model Setup 'CLK'
Slack : 0.297
TNS   : 0.000

Type  : Slow 1200mV 0C Model Hold 'EN'
Slack : -0.252
TNS   : -1.498

Type  : Slow 1200mV 0C Model Hold 'CLK'
Slack : 0.398
TNS   : 0.000

Type  : Slow 1200mV 0C Model Hold 'UFA:ufa1|ENsub'
Slack : 0.564
TNS   : 0.000

Type  : Slow 1200mV 0C Model Hold 'UFA:ufa1|ENsum'
Slack : 0.565
TNS   : 0.000

Type  : Slow 1200mV 0C Model Minimum Pulse Width 'EN'
Slack : -3.000
TNS   : -13.280

Type  : Slow 1200mV 0C Model Minimum Pulse Width 'CLK'
Slack : -3.000
TNS   : -4.285

Type  : Slow 1200mV 0C Model Minimum Pulse Width 'UFA:ufa1|ENand'
Slack : 0.434
TNS   : 0.000

Type  : Slow 1200mV 0C Model Minimum Pulse Width 'UFA:ufa1|ENsub'
Slack : 0.435
TNS   : 0.000

Type  : Slow 1200mV 0C Model Minimum Pulse Width 'UFA:ufa1|ENor'
Slack : 0.441
TNS   : 0.000

Type  : Slow 1200mV 0C Model Minimum Pulse Width 'UFA:ufa1|ENsum'
Slack : 0.445
TNS   : 0.000

Type  : Fast 1200mV 0C Model Setup 'UFA:ufa1|ENsum'
Slack : -0.058
TNS   : -0.058

Type  : Fast 1200mV 0C Model Setup 'UFA:ufa1|ENsub'
Slack : 0.018
TNS   : 0.000

Type  : Fast 1200mV 0C Model Setup 'EN'
Slack : 0.088
TNS   : 0.000

Type  : Fast 1200mV 0C Model Setup 'CLK'
Slack : 0.626
TNS   : 0.000

Type  : Fast 1200mV 0C Model Hold 'EN'
Slack : 0.133
TNS   : 0.000

Type  : Fast 1200mV 0C Model Hold 'CLK'
Slack : 0.208
TNS   : 0.000

Type  : Fast 1200mV 0C Model Hold 'UFA:ufa1|ENsub'
Slack : 0.279
TNS   : 0.000

Type  : Fast 1200mV 0C Model Hold 'UFA:ufa1|ENsum'
Slack : 0.281
TNS   : 0.000

Type  : Fast 1200mV 0C Model Minimum Pulse Width 'EN'
Slack : -3.000
TNS   : -13.068

Type  : Fast 1200mV 0C Model Minimum Pulse Width 'CLK'
Slack : -3.000
TNS   : -4.000

Type  : Fast 1200mV 0C Model Minimum Pulse Width 'UFA:ufa1|ENsub'
Slack : 0.446
TNS   : 0.000

Type  : Fast 1200mV 0C Model Minimum Pulse Width 'UFA:ufa1|ENsum'
Slack : 0.446
TNS   : 0.000

Type  : Fast 1200mV 0C Model Minimum Pulse Width 'UFA:ufa1|ENor'
Slack : 0.455
TNS   : 0.000

Type  : Fast 1200mV 0C Model Minimum Pulse Width 'UFA:ufa1|ENand'
Slack : 0.461
TNS   : 0.000

------------------------------------------------------------
